74
F:/Asset/Audiobook/赘婿/赘婿_0851第七三一章 中冲（上）.mp3
F:/Asset/Audiobook/赘婿/赘婿_0852第七三二章 中冲（下）.mp3
F:/Asset/Audiobook/赘婿/赘婿_0853第七三三章 天地不仁 万物有灵（上）_1.mp3
F:/Asset/Audiobook/赘婿/赘婿_0854第七三三章 天地不仁 万物有灵（上）_2.mp3
F:/Asset/Audiobook/赘婿/赘婿_0855第七三四章 天地不仁 万物有灵（下）_1.mp3
F:/Asset/Audiobook/赘婿/赘婿_0856第七三四章 天地不仁 万物有灵（下）_2.mp3
F:/Asset/Audiobook/赘婿/赘婿_0857第七三五章 譬如兴衰 譬如交替（上）.mp3
F:/Asset/Audiobook/赘婿/赘婿_0858第七三六章 譬如兴衰 譬如交替（中）.mp3
F:/Asset/Audiobook/赘婿/赘婿_0859第七三六章 譬如兴衰 譬如交替（下）.mp3
F:/Asset/Audiobook/赘婿/赘婿_0860第七三七章 大江东走 不待流年（上）.mp3
F:/Asset/Audiobook/赘婿/赘婿_0861第七三八章 大江东走 不待流年（下）.mp3
F:/Asset/Audiobook/赘婿/赘婿_0862第七三九章 深水暗潮 浩劫阴影（上）.mp3
F:/Asset/Audiobook/赘婿/赘婿_0863第七四〇章 深水暗潮 浩劫阴影（中）.mp3
F:/Asset/Audiobook/赘婿/赘婿_0864第七四〇章 深水暗潮 浩劫阴影（下）.mp3
F:/Asset/Audiobook/赘婿/赘婿_0865第七四一章 近乡情怯 节外生枝（上）.mp3
F:/Asset/Audiobook/赘婿/赘婿_0866第七四二章 近乡情怯 节外生枝（下）.mp3
F:/Asset/Audiobook/赘婿/赘婿_0867第七四三章 风急火烈 再见江湖（上）.mp3
F:/Asset/Audiobook/赘婿/赘婿_0868第七四四章 风急火烈 再见江湖（中）_1.mp3
F:/Asset/Audiobook/赘婿/赘婿_0869第七四四章 风急火烈 再见江湖（中）_2.mp3
F:/Asset/Audiobook/赘婿/赘婿_0870第七四五章 风急火烈 再见江湖（下）_1.mp3
F:/Asset/Audiobook/赘婿/赘婿_0871第七四五章 风急火烈 再见江湖（下）_2.mp3
F:/Asset/Audiobook/赘婿/赘婿_0872第七四六章 明月新骨城池畔 野鸦故旧老桥头（上）.mp3
F:/Asset/Audiobook/赘婿/赘婿_0873第七四七章 明月新骨城池畔 夜鸦故旧老桥头（中）.mp3
F:/Asset/Audiobook/赘婿/赘婿_0874第七四八章 明月新骨城池畔 夜鸦故旧老桥头（下）.mp3
F:/Asset/Audiobook/赘婿/赘婿_0875第七四九章 昔我往矣，杨柳依依；今我来思，雨雪霏霏（上）.mp3
F:/Asset/Audiobook/赘婿/赘婿_0876第七五〇章 昔我往矣，杨柳依依；今我来思，雨雪霏霏（下）.mp3
F:/Asset/Audiobook/赘婿/赘婿_0877第七五一章 缘分你我 一场遇见（上）_1.mp3
F:/Asset/Audiobook/赘婿/赘婿_0878第七五一章 缘分你我 一场遇见（上）_2.mp3
F:/Asset/Audiobook/赘婿/赘婿_0879第七五二章 缘分你我 一场遇见（下）_1.mp3
F:/Asset/Audiobook/赘婿/赘婿_0880第七五二章 缘分你我 一场遇见（下）_2.mp3
F:/Asset/Audiobook/赘婿/赘婿_0881第七五三章 父亲匪号血手人屠（上）.mp3
F:/Asset/Audiobook/赘婿/赘婿_0882第七五四章 父亲匪号血手人屠（中）.mp3
F:/Asset/Audiobook/赘婿/赘婿_0883第七五四章 父亲匪号血手人屠（下）.mp3
F:/Asset/Audiobook/赘婿/赘婿_0884第七五五章 穷碧落 下黄泉_1.mp3
F:/Asset/Audiobook/赘婿/赘婿_0885第七五五章 穷碧落 下黄泉_2.mp3
F:/Asset/Audiobook/赘婿/赘婿_0886第七五六章 春天与泥沼（上）.mp3
F:/Asset/Audiobook/赘婿/赘婿_0887第七五七章 春天与泥沼（中）.mp3
F:/Asset/Audiobook/赘婿/赘婿_0888第七五八章 春天与泥沼（下）.mp3
F:/Asset/Audiobook/赘婿/赘婿_0889第七五九章 无题（上）_1.mp3
F:/Asset/Audiobook/赘婿/赘婿_0890第七五九章 无题（上）_2.mp3
F:/Asset/Audiobook/赘婿/赘婿_0891第七六〇章 无题（下）_1.mp3
F:/Asset/Audiobook/赘婿/赘婿_0892第七六〇章 无题（下）_2.mp3
F:/Asset/Audiobook/赘婿/赘婿_0893第七六一章 血雨声声及天晚 豪云脉脉待图穷（上）.mp3
F:/Asset/Audiobook/赘婿/赘婿_0894第七六二章 血雨声声及天晚 豪云脉脉待图穷（中）.mp3
F:/Asset/Audiobook/赘婿/赘婿_0895第七六三章 血雨声声及天晚 豪云脉脉待图穷（下）_1.mp3
F:/Asset/Audiobook/赘婿/赘婿_0896第七六三章 血雨声声及天晚 豪云脉脉待图穷（下）_2.mp3
F:/Asset/Audiobook/赘婿/赘婿_0897第七六四章 双锋（上）.mp3
F:/Asset/Audiobook/赘婿/赘婿_0898第七六五章 双锋（中）.mp3
F:/Asset/Audiobook/赘婿/赘婿_0899第七六五章 双锋（下）.mp3
F:/Asset/Audiobook/赘婿/赘婿_0900第七六六章 我心隔山海 山海不可平（上）.mp3
F:/Asset/Audiobook/赘婿/赘婿_0901第七六七章 我心隔山海 山海不可平（下）.mp3
F:/Asset/Audiobook/赘婿/赘婿_0902第七六八章 镝音（上）.mp3
F:/Asset/Audiobook/赘婿/赘婿_0903第七六九章 镝音（中）.mp3
F:/Asset/Audiobook/赘婿/赘婿_0904第七七〇章 镝音（下）_1.mp3
F:/Asset/Audiobook/赘婿/赘婿_0905第七七〇章 镝音（下）_2.mp3
F:/Asset/Audiobook/赘婿/赘婿_0906第七七一章 尘世秋风 人生落叶（上）.mp3
F:/Asset/Audiobook/赘婿/赘婿_0907第七七二章 尘世秋风 人生落叶（中）.mp3
F:/Asset/Audiobook/赘婿/赘婿_0908第七七二章 尘世秋风 人生落叶（下）.mp3
F:/Asset/Audiobook/赘婿/赘婿_0909第七七三章 丧家野犬 天下无敌_1.mp3
F:/Asset/Audiobook/赘婿/赘婿_0910第七七三章 丧家野犬 天下无敌_2.mp3
F:/Asset/Audiobook/赘婿/赘婿_0911第七七四章 众生皆苦 人间如梦（上）.mp3
F:/Asset/Audiobook/赘婿/赘婿_0912第七七五章 众生皆苦 人间如梦（中）.mp3
F:/Asset/Audiobook/赘婿/赘婿_0913第七七六章 众生皆苦 人间如梦（下）_1.mp3
F:/Asset/Audiobook/赘婿/赘婿_0914第七七六章 众生皆苦 人间如梦（下）_2.mp3
F:/Asset/Audiobook/赘婿/赘婿_0915第七七七章 悔恨_1.mp3
F:/Asset/Audiobook/赘婿/赘婿_0916第七七七章 悔恨_2.mp3
F:/Asset/Audiobook/赘婿/赘婿_0917第七七八章 骨铮鸣 血燃烧（一）.mp3
F:/Asset/Audiobook/赘婿/赘婿_0918第七七九章 骨铮鸣 血燃烧（二）.mp3
F:/Asset/Audiobook/赘婿/赘婿_0919第七八〇章 骨铮鸣 血燃烧（三）.mp3
F:/Asset/Audiobook/赘婿/赘婿_0920第七八一章 骨铮鸣 血燃烧（四）.mp3
F:/Asset/Audiobook/赘婿/赘婿_0921第七八二章 骨铮鸣 血燃烧（五）.mp3
F:/Asset/Audiobook/赘婿/赘婿_0922第七八三章 骨铮鸣 血燃烧（六）.mp3
F:/Asset/Audiobook/赘婿/赘婿_0923第七八三章 骨铮鸣 血燃烧（七）.mp3
F:/Asset/Audiobook/赘婿/赘婿_0924第七八三章 骨铮鸣 血燃烧（八）.mp3
F:/Asset/Audiobook/赘婿/赘婿_0925第七八四章 秋风萧瑟 洪波涌起（一）.mp3
F:/Asset/Audiobook/赘婿/赘婿_0926第七八五章 秋风萧瑟 洪波涌起（二）.mp3
F:/Asset/Audiobook/赘婿/赘婿_0927第七八六章 秋风萧瑟 洪波涌起（三）.mp3
F:/Asset/Audiobook/赘婿/赘婿_0928第七八七章 秋风萧瑟 洪波涌起（四）.mp3
F:/Asset/Audiobook/赘婿/赘婿_0929第七八八章 秋风萧瑟 洪波涌起（五）.mp3
F:/Asset/Audiobook/赘婿/赘婿_0930第七八八章 秋风萧瑟 洪波涌起（六）.mp3
F:/Asset/Audiobook/赘婿/赘婿_0931第七八八章 秋风萧瑟 洪波涌起（七）.mp3
F:/Asset/Audiobook/赘婿/赘婿_0932第七八九章 烽火金流 大河秋厉（一）.mp3
F:/Asset/Audiobook/赘婿/赘婿_0933第七九〇章 烽火金流 大河秋厉（二）.mp3
F:/Asset/Audiobook/赘婿/赘婿_0934第七九一章 烽火金流 大河秋厉（三）.mp3
F:/Asset/Audiobook/赘婿/赘婿_0935第七九二章 烽火金流 大河秋厉（四）.mp3
F:/Asset/Audiobook/赘婿/赘婿_0936第七九二章 烽火金流 大河秋厉（五）.mp3
F:/Asset/Audiobook/赘婿/赘婿_0937第七九三章 碾轮（一）.mp3
F:/Asset/Audiobook/赘婿/赘婿_0938第七九四章 碾轮（二）.mp3
F:/Asset/Audiobook/赘婿/赘婿_0939第七九五章 碾轮（三）.mp3
F:/Asset/Audiobook/赘婿/赘婿_0940第七九六章 碾轮（四）.mp3
F:/Asset/Audiobook/赘婿/赘婿_0941第七九七章 碾轮（五）.mp3
F:/Asset/Audiobook/赘婿/赘婿_0942第七九七章 碾轮（六）.mp3
F:/Asset/Audiobook/赘婿/赘婿_0943第七九八章 天地风雨 无梦人间.mp3
F:/Asset/Audiobook/赘婿/赘婿_0944第七九九章 凛冬（一）.mp3
F:/Asset/Audiobook/赘婿/赘婿_0945第八〇〇章 凛冬（二）.mp3
F:/Asset/Audiobook/赘婿/赘婿_0946第八〇一章 凛冬（三）.mp3
F:/Asset/Audiobook/赘婿/赘婿_0947第八〇二章 凛冬（四）.mp3
F:/Asset/Audiobook/赘婿/赘婿_0948第八〇三章 凛冬（五）.mp3
F:/Asset/Audiobook/赘婿/赘婿_0949第八〇四章 凛冬（六）.mp3
F:/Asset/Audiobook/赘婿/赘婿_0950第八〇五章 凛冬（七）.mp3
F:/Asset/Audiobook/赘婿/赘婿_0951第八〇五章 凛冬（八）.mp3
F:/Asset/Audiobook/赘婿/赘婿_0952第八〇五章 凛冬（九）.mp3
F:/Asset/Audiobook/赘婿/赘婿_0953第八〇五章 凛冬（十）.mp3
F:/Asset/Audiobook/赘婿/赘婿_0954第八〇五章 凛冬（十一）.mp3
F:/Asset/Audiobook/赘婿/赘婿_0955第八〇六章 建朔十年春（一）.mp3
F:/Asset/Audiobook/赘婿/赘婿_0956第八〇七章 建朔十年春（二）.mp3
F:/Asset/Audiobook/赘婿/赘婿_0957第八〇八章 建朔十年春（三）.mp3
F:/Asset/Audiobook/赘婿/赘婿_0958第八〇九章 建朔十年春（四）.mp3
F:/Asset/Audiobook/赘婿/赘婿_0959第八〇九章 建朔十年春（五）.mp3
F:/Asset/Audiobook/赘婿/赘婿_0960第八〇九章 建朔十年春（六）.mp3
F:/Asset/Audiobook/赘婿/赘婿_0961第八〇九章 建朔十年春（七）.mp3
F:/Asset/Audiobook/赘婿/赘婿_0962第八〇九章 建朔十年春（八）.mp3
F:/Asset/Audiobook/赘婿/赘婿_0963第八一〇章 冷雨.mp3
F:/Asset/Audiobook/赘婿/赘婿_0964第八一一章 饥饿（上）.mp3
F:/Asset/Audiobook/赘婿/赘婿_0965第八一二章 饥饿（下）.mp3
F:/Asset/Audiobook/赘婿/赘婿_0966第八一三章 声、声、慢（一）.mp3
F:/Asset/Audiobook/赘婿/赘婿_0967第八一四章 声、声、慢（二）.mp3
F:/Asset/Audiobook/赘婿/赘婿_0968第八一五章 声、声、慢（三）.mp3
F:/Asset/Audiobook/赘婿/赘婿_0969第八一六章 声、声、慢（四）.mp3
F:/Asset/Audiobook/赘婿/赘婿_0970第八一七章 声、声、慢（五）.mp3
F:/Asset/Audiobook/赘婿/赘婿_0971第八一七章 声、声、慢（六）.mp3
F:/Asset/Audiobook/赘婿/赘婿_0972第八一七章 声、声、慢（七）.mp3
F:/Asset/Audiobook/赘婿/赘婿_0973第八一七章 声、声、慢（八）.mp3
F:/Asset/Audiobook/赘婿/赘婿_0974第八一八章 你我皆埃尘 生于人世间（上）.mp3
F:/Asset/Audiobook/赘婿/赘婿_0975第八一九章 你我皆埃尘 生于人世间（中）.mp3
F:/Asset/Audiobook/赘婿/赘婿_0976第八一九章 你我皆埃尘 生于人世间（下）.mp3
F:/Asset/Audiobook/赘婿/赘婿_0977第八二〇章 沉落前夕 最后光芒.mp3
F:/Asset/Audiobook/赘婿/赘婿_0978第八二一章 焚风（一）.mp3
F:/Asset/Audiobook/赘婿/赘婿_0979第八二二章 焚风（二）.mp3
F:/Asset/Audiobook/赘婿/赘婿_0980第八二三章 焚风（三）.mp3
F:/Asset/Audiobook/赘婿/赘婿_0981第八二四章 焚风（四）.mp3
F:/Asset/Audiobook/赘婿/赘婿_0982第八二五章 焚风（五）.mp3
F:/Asset/Audiobook/赘婿/赘婿_0983第八二六章 焚风（六）.mp3
F:/Asset/Audiobook/赘婿/赘婿_0984第八二七章 焚风（七）.mp3
F:/Asset/Audiobook/赘婿/赘婿_0985第八二八章 焚风（八）.mp3
F:/Asset/Audiobook/赘婿/赘婿_0986第八二九章 焚风（九）.mp3
F:/Asset/Audiobook/赘婿/赘婿_0987第八二九章 焚风（十）.mp3
F:/Asset/Audiobook/赘婿/赘婿_0988第八二九章 焚风（十一）.mp3
F:/Asset/Audiobook/赘婿/赘婿_0989第八二九章 焚风（十二）.mp3
F:/Asset/Audiobook/赘婿/赘婿_0990第八三〇章 掠地（一）.mp3
F:/Asset/Audiobook/赘婿/赘婿_0991第八三一章 掠地（二）.mp3
F:/Asset/Audiobook/赘婿/赘婿_0992第八三二章 掠地（三）.mp3
F:/Asset/Audiobook/赘婿/赘婿_0993第八三三章 掠地（四）.mp3
F:/Asset/Audiobook/赘婿/赘婿_0994第八三四章 掠地（五）.mp3
F:/Asset/Audiobook/赘婿/赘婿_0995第八三五章 掠地（六）.mp3
F:/Asset/Audiobook/赘婿/赘婿_0996第八三六章 掠地（七）.mp3
F:/Asset/Audiobook/赘婿/赘婿_0997第八三七章 掠地（八）.mp3
F:/Asset/Audiobook/赘婿/赘婿_0998第八三八章 掠地（九）.mp3
F:/Asset/Audiobook/赘婿/赘婿_0999第八三九章 掠地（十）.mp3
F:/Asset/Audiobook/赘婿/赘婿_1000第八三九章 掠地（十一）.mp3
F:/Asset/Audiobook/赘婿/赘婿_1001第八三九章 掠地（十二）.mp3
F:/Asset/Audiobook/赘婿/赘婿_1002第八三九章 掠地（十三）.mp3
F:/Asset/Audiobook/赘婿/赘婿_1003第八三九章 掠地（十四）.mp3
F:/Asset/Audiobook/赘婿/赘婿_1004第八三九章 掠地（十五）.mp3
F:/Asset/Audiobook/赘婿/赘婿_1005第八三九章 掠地（十六）.mp3
F:/Asset/Audiobook/赘婿/赘婿_1006第八三九章 掠地（十七）.mp3
F:/Asset/Audiobook/赘婿/赘婿_1007第八四二章 煮海（一）.mp3
F:/Asset/Audiobook/赘婿/赘婿_1008第八四三章 煮海（二）.mp3
F:/Asset/Audiobook/赘婿/赘婿_1009第八四四章 煮海（三）.mp3
F:/Asset/Audiobook/赘婿/赘婿_1010第八四五章 煮海（四）.mp3
F:/Asset/Audiobook/赘婿/赘婿_1011第八四六章 煮海（五）.mp3
F:/Asset/Audiobook/赘婿/赘婿_1012第八四七章 煮海（六）.mp3
F:/Asset/Audiobook/赘婿/赘婿_1013第八四八章 煮海（七）.mp3
F:/Asset/Audiobook/赘婿/赘婿_1014第八四九章 煮海（八）.mp3
F:/Asset/Audiobook/赘婿/赘婿_1015第八四九章 煮海（九）.mp3
F:/Asset/Audiobook/赘婿/赘婿_1016第八四九章 煮海（十）.mp3
F:/Asset/Audiobook/赘婿/赘婿_1017第八四九章 煮海（十一）.mp3
F:/Asset/Audiobook/赘婿/赘婿_1018第八四九章 煮海（十二）.mp3
F:/Asset/Audiobook/赘婿/赘婿_1019第八五〇章 滔天（一）.mp3
F:/Asset/Audiobook/赘婿/赘婿_1020第八五一章 滔天（二）.mp3
F:/Asset/Audiobook/赘婿/赘婿_1021第八五二章 滔天（三）.mp3
F:/Asset/Audiobook/赘婿/赘婿_1022第八五三章 滔天（四）.mp3
F:/Asset/Audiobook/赘婿/赘婿_1023第八五四章 滔天（五）.mp3
F:/Asset/Audiobook/赘婿/赘婿_1024第八五五章 滔天（六）.mp3
F:/Asset/Audiobook/赘婿/赘婿_1025第八五六章 滔天（七）.mp3
F:/Asset/Audiobook/赘婿/赘婿_1026第八五七章 滔天（八）.mp3
F:/Asset/Audiobook/赘婿/赘婿_1027第八五八章 滔天（九）.mp3
F:/Asset/Audiobook/赘婿/赘婿_1028第八五九章 滔天（十）.mp3
F:/Asset/Audiobook/赘婿/赘婿_1029第八五九章 滔天（十一）.mp3
F:/Asset/Audiobook/赘婿/赘婿_1030第八五九章 滔天（十二）.mp3
F:/Asset/Audiobook/赘婿/赘婿_1031第八六〇章 惶恐滩头说惶恐 零丁洋里叹零丁（上）.mp3
F:/Asset/Audiobook/赘婿/赘婿_1032第八六二章 惶恐滩头说惶恐 零丁洋里叹零丁（中）.mp3
F:/Asset/Audiobook/赘婿/赘婿_1033第八六二章 惶恐滩头说惶恐 零丁洋里叹零丁（下）.mp3
F:/Asset/Audiobook/赘婿/赘婿_1034第八六三章 灰夜 白幡（上）.mp3
F:/Asset/Audiobook/赘婿/赘婿_1035第八六四章 灰夜 白幡（中）.mp3
F:/Asset/Audiobook/赘婿/赘婿_1036第八六五章 灰夜 白幡（下）.mp3
F:/Asset/Audiobook/赘婿/赘婿_1037第八六六章 红厉 铁流.mp3
F:/Asset/Audiobook/赘婿/赘婿_1038第八六七章 新皇 冠冕_1.mp3
F:/Asset/Audiobook/赘婿/赘婿_1039第八六七章 新皇 冠冕_2.mp3
F:/Asset/Audiobook/赘婿/赘婿_1040第八六八章 人间炼狱 万度刀温（上）.mp3
F:/Asset/Audiobook/赘婿/赘婿_1041第八六九章 人间炼狱 万度刀温（中）.mp3
F:/Asset/Audiobook/赘婿/赘婿_1042第八七〇章 人间炼狱 万度刀温（下）.mp3
F:/Asset/Audiobook/赘婿/赘婿_1043第八七一章 人事癫狂 血色成长（上）.mp3
F:/Asset/Audiobook/赘婿/赘婿_1044第八七二章 人事癫狂 血色成长（中）.mp3
F:/Asset/Audiobook/赘婿/赘婿_1045第八七三章 人事癫狂 血色成长（下）.mp3
F:/Asset/Audiobook/赘婿/赘婿_1046第八七三章 人事癫狂 血色成长（四）.mp3
F:/Asset/Audiobook/赘婿/赘婿_1047第八七三章 人事癫狂 血色成长（五）.mp3
F:/Asset/Audiobook/赘婿/赘婿_1048第八七四章 荒原（上）.mp3
F:/Asset/Audiobook/赘婿/赘婿_1049第八七五章 荒原（下）.mp3
F:/Asset/Audiobook/赘婿/赘婿_1050第八七六章 前夜（一）.mp3
F:/Asset/Audiobook/赘婿/赘婿_1051第八七七章 前夜（二）.mp3
F:/Asset/Audiobook/赘婿/赘婿_1052第八七八章 前夜（三）.mp3
F:/Asset/Audiobook/赘婿/赘婿_1053第八七八章 前夜（四）.mp3
F:/Asset/Audiobook/赘婿/赘婿_1054第八七八章 前夜（五）.mp3
F:/Asset/Audiobook/赘婿/赘婿_1055第八七八章 前夜（六）.mp3
F:/Asset/Audiobook/赘婿/赘婿_1056第八七八章 前夜（七）.mp3
F:/Asset/Audiobook/赘婿/赘婿_1057第八七九章 凶刃（一）.mp3
F:/Asset/Audiobook/赘婿/赘婿_1058第八八〇章 凶刃（二）.mp3
F:/Asset/Audiobook/赘婿/赘婿_1059第八八一章 凶刃（三）.mp3
F:/Asset/Audiobook/赘婿/赘婿_1060第八八一章 凶刃（四）.mp3
F:/Asset/Audiobook/赘婿/赘婿_1061第八八一章 凶刃（五）.mp3
F:/Asset/Audiobook/赘婿/赘婿_1062第八八二章 热身间隙 片语家书.mp3
F:/Asset/Audiobook/赘婿/赘婿_1063第八八三章 业火煎熬 风雪低咆（上）.mp3
F:/Asset/Audiobook/赘婿/赘婿_1064第八八四章 业火煎熬 风雪低咆（中）.mp3
F:/Asset/Audiobook/赘婿/赘婿_1065第八八四章 业火煎熬 风雪低咆（下）.mp3
F:/Asset/Audiobook/赘婿/赘婿_1066第八八五章 狂兽（上）.mp3
F:/Asset/Audiobook/赘婿/赘婿_1067第八八六章 狂兽（中）.mp3
F:/Asset/Audiobook/赘婿/赘婿_1068第八八七章 狂兽（下）.mp3
F:/Asset/Audiobook/赘婿/赘婿_1069第八八八章 血雨.mp3
F:/Asset/Audiobook/赘婿/赘婿_1070第八八九章 痕迹 杀场.mp3
F:/Asset/Audiobook/赘婿/赘婿_1071第八九〇章 吞火（上）.mp3
F:/Asset/Audiobook/赘婿/赘婿_1072第八九一章 吞火（中）.mp3
F:/Asset/Audiobook/赘婿/赘婿_1073第八九一章 吞火（下）.mp3
F:/Asset/Audiobook/赘婿/赘婿_1074第八九二章 十年砥砺 风雪寒霜（一）.mp3
F:/Asset/Audiobook/赘婿/赘婿_1075第八九三章 十年砥砺 风雪寒霜（二）.mp3
F:/Asset/Audiobook/赘婿/赘婿_1076第八九四章 十年砥砺 风雪寒霜（三）.mp3
F:/Asset/Audiobook/赘婿/赘婿_1077第八九五章 十年砥砺 风雪寒霜（四）.mp3
F:/Asset/Audiobook/赘婿/赘婿_1078第八九六章 十年砥砺 风雪寒霜（五）.mp3
F:/Asset/Audiobook/赘婿/赘婿_1079第八九七章 十年砥砺 风雪寒霜（六）.mp3
F:/Asset/Audiobook/赘婿/赘婿_1080第八九八章 十年砥砺 风雪寒霜（七）.mp3
F:/Asset/Audiobook/赘婿/赘婿_1081第八九九章 大地惊雷（一）.mp3
F:/Asset/Audiobook/赘婿/赘婿_1082第九〇〇章 大地惊雷（二）.mp3
F:/Asset/Audiobook/赘婿/赘婿_1083第九〇一章 大地惊雷（三）.mp3
F:/Asset/Audiobook/赘婿/赘婿_1084第九〇二章 大地惊雷（四）.mp3
F:/Asset/Audiobook/赘婿/赘婿_1085第九〇三章 大地惊雷（五）.mp3
F:/Asset/Audiobook/赘婿/赘婿_1086第九〇四章 大地惊雷（六）.mp3
F:/Asset/Audiobook/赘婿/赘婿_1087第九〇五章 大地惊雷（七）.mp3
F:/Asset/Audiobook/赘婿/赘婿_1088第九〇五章 大地惊雷（八）.mp3
F:/Asset/Audiobook/赘婿/赘婿_1089第九〇五章 大地惊雷（九）.mp3
F:/Asset/Audiobook/赘婿/赘婿_1090第九〇五章 大地惊雷（十）.mp3
F:/Asset/Audiobook/赘婿/赘婿_1091第九〇五章 大地惊雷（十一）.mp3
F:/Asset/Audiobook/赘婿/赘婿_1092第九〇六章 俯瞰.mp3
F:/Asset/Audiobook/赘婿/赘婿_1093第九〇七章 几曾识干戈.mp3
F:/Asset/Audiobook/赘婿/赘婿_1094第九〇八章 归尘_1.mp3
F:/Asset/Audiobook/赘婿/赘婿_1095第九〇八章 归尘_2.mp3
F:/Asset/Audiobook/赘婿/赘婿_1096第九〇九章 挽歌.mp3
F:/Asset/Audiobook/赘婿/赘婿_1097第九一〇章 历史轮转 因果延伸.mp3
F:/Asset/Audiobook/赘婿/赘婿_1098第九一一章 狮岭前沿.mp3
F:/Asset/Audiobook/赘婿/赘婿_1099第九一二章 逆风起时.mp3
F:/Asset/Audiobook/赘婿/赘婿_1100第九一三章 冰与火之歌（一）.mp3
F:/Asset/Audiobook/赘婿/赘婿_1101第九一四章 冰与火之歌（二）.mp3
F:/Asset/Audiobook/赘婿/赘婿_1102第九一五章 冰与火之歌（三）.mp3
F:/Asset/Audiobook/赘婿/赘婿_1103第九一七章 冰与火之歌（四）.mp3
F:/Asset/Audiobook/赘婿/赘婿_1104第九一七章 冰与火之歌（五）.mp3
F:/Asset/Audiobook/赘婿/赘婿_1105第九一八章 冰与火之歌（六）.mp3
F:/Asset/Audiobook/赘婿/赘婿_1106第九一八章 冰与火之歌（七）.mp3
F:/Asset/Audiobook/赘婿/赘婿_1107第九一八章 冰与火之歌（八）.mp3
F:/Asset/Audiobook/赘婿/赘婿_1108第九一八章 冰与火之歌（九）.mp3
F:/Asset/Audiobook/赘婿/赘婿_1109第九一九章 战战兢兢 注视深渊.mp3
F:/Asset/Audiobook/赘婿/赘婿_1110第九二〇章 春雨沥沥 一片蛙声.mp3
F:/Asset/Audiobook/赘婿/赘婿_1111第九二一章 无归（一）.mp3
F:/Asset/Audiobook/赘婿/赘婿_1112第九二二章 无归（二）.mp3
F:/Asset/Audiobook/赘婿/赘婿_1113第九二三章 无归（三）.mp3
F:/Asset/Audiobook/赘婿/赘婿_1114第九二三章 无归（四）.mp3
F:/Asset/Audiobook/赘婿/赘婿_1115第九二四章 转折点（一）.mp3
F:/Asset/Audiobook/赘婿/赘婿_1116第九二五章 转折点（二）.mp3
F:/Asset/Audiobook/赘婿/赘婿_1117第九二六章 转折点（三）.mp3
F:/Asset/Audiobook/赘婿/赘婿_1118第九二七章 转折点（四）.mp3
F:/Asset/Audiobook/赘婿/赘婿_1119第九二八章 转折点（五）.mp3
F:/Asset/Audiobook/赘婿/赘婿_1120第九二九章 转折点（六）.mp3
F:/Asset/Audiobook/赘婿/赘婿_1121第九二九章 转折点（七）.mp3
F:/Asset/Audiobook/赘婿/赘婿_1122第九二九章 转折点（八）.mp3
F:/Asset/Audiobook/赘婿/赘婿_1123第九三〇章 烈潮（一）.mp3
F:/Asset/Audiobook/赘婿/赘婿_1124第九三一章 烈潮（二）.mp3
F:/Asset/Audiobook/赘婿/赘婿_1125第九三二章 烈潮（三）.mp3
F:/Asset/Audiobook/赘婿/赘婿_1126第九三三章 烈潮（四）.mp3
F:/Asset/Audiobook/赘婿/赘婿_1127第九三三章 烈潮（五）.mp3
F:/Asset/Audiobook/赘婿/赘婿_1128第九三三章 烈潮（六）.mp3
F:/Asset/Audiobook/赘婿/赘婿_1129第九三三章 烈潮（七）.mp3
F:/Asset/Audiobook/赘婿/赘婿_1130第九三四章 天光咆哮 暗火横流（上）.mp3
F:/Asset/Audiobook/赘婿/赘婿_1131第九三五章 天光咆哮 暗火横流（中）.mp3
F:/Asset/Audiobook/赘婿/赘婿_1132第九三六章 天光咆哮 暗火横流（下）.mp3
F:/Asset/Audiobook/赘婿/赘婿_1133第九三七章 大决战（一）.mp3
F:/Asset/Audiobook/赘婿/赘婿_1134第九三八章 大决战（二）.mp3
F:/Asset/Audiobook/赘婿/赘婿_1135第九三九章 大决战（三）.mp3
F:/Asset/Audiobook/赘婿/赘婿_1136第九四〇章 大决战（四）.mp3
F:/Asset/Audiobook/赘婿/赘婿_1137第九四一章 大决战（五）.mp3
F:/Asset/Audiobook/赘婿/赘婿_1138第九四二章 大决战（六）.mp3
F:/Asset/Audiobook/赘婿/赘婿_1139第九四三章 大决战（七）.mp3
F:/Asset/Audiobook/赘婿/赘婿_1140第九四四章 大决战（八）.mp3
F:/Asset/Audiobook/赘婿/赘婿_1141第九四五章 大决战（九）.mp3
F:/Asset/Audiobook/赘婿/赘婿_1142第九四六章 大决战（十）.mp3
F:/Asset/Audiobook/赘婿/赘婿_1143第九四七章 大决战（十一）.mp3
F:/Asset/Audiobook/赘婿/赘婿_1144第九四七章 大决战（十二）.mp3
F:/Asset/Audiobook/赘婿/赘婿_1145第九四七章 大决战（十三）.mp3
F:/Asset/Audiobook/赘婿/赘婿_1146第九四七章 大决战（十四）.mp3
F:/Asset/Audiobook/赘婿/赘婿_1147第九四七章 大决战（十五）.mp3
F:/Asset/Audiobook/赘婿/赘婿_1148第九四七章 大决战（十六）.mp3
F:/Asset/Audiobook/赘婿/赘婿_1149第九四九章 有形诸象纷飞远 无声巨梦卷红尘（一）.mp3
F:/Asset/Audiobook/赘婿/赘婿_1150第九五〇章 有形诸象纷飞远 无声巨梦卷红尘（二）.mp3
F:/Asset/Audiobook/赘婿/赘婿_1151第九五一章 有形诸象纷飞远 无声巨梦卷红尘（三）.mp3
F:/Asset/Audiobook/赘婿/赘婿_1152第九五一章 有形诸象纷飞远 无声巨梦卷红尘（四）.mp3
F:/Asset/Audiobook/赘婿/赘婿_1153第九五二章 万物骤静心难解 人事不安成愚乱（一）.mp3
F:/Asset/Audiobook/赘婿/赘婿_1154第九五三章 万物骤静心难解 人事不安成愚乱（二）.mp3
F:/Asset/Audiobook/赘婿/赘婿_1155第九五三章 万物骤静心难解 人事不安成愚乱（三）.mp3
F:/Asset/Audiobook/赘婿/赘婿_1156第九五三章 万物骤静心难解 人事不安成愚乱（四）.mp3
F:/Asset/Audiobook/赘婿/赘婿_1157第九五四章 浪潮（上）.mp3
F:/Asset/Audiobook/赘婿/赘婿_1158第九五五章 浪潮（中）.mp3
F:/Asset/Audiobook/赘婿/赘婿_1159第九五六章 浪潮（下）.mp3
F:/Asset/Audiobook/赘婿/赘婿_1160第九五七章 四海翻腾 云水怒（一）.mp3
F:/Asset/Audiobook/赘婿/赘婿_1161第九五八章 四海翻腾 云水怒（二）.mp3
F:/Asset/Audiobook/赘婿/赘婿_1162第九五九章 四海翻腾 云水怒（三）.mp3
F:/Asset/Audiobook/赘婿/赘婿_1163第九六〇章 四海翻腾 云水怒（四）.mp3
F:/Asset/Audiobook/赘婿/赘婿_1164第九六一章 四海翻腾 云水怒（五）.mp3
F:/Asset/Audiobook/赘婿/赘婿_1165第九六二章 四海翻腾 云水怒（六）.mp3
F:/Asset/Audiobook/赘婿/赘婿_1166第九六三章 四海翻腾 云水怒（七）.mp3
F:/Asset/Audiobook/赘婿/赘婿_1167第九六四章 四海翻腾 云水怒（八）.mp3
F:/Asset/Audiobook/赘婿/赘婿_1168第九六五章 四海翻腾 云水怒（九）.mp3
F:/Asset/Audiobook/赘婿/赘婿_1169第九六六章 四海翻腾 云水怒（十）.mp3
F:/Asset/Audiobook/赘婿/赘婿_1170第九六六章 四海翻腾 云水怒（十一）.mp3
F:/Asset/Audiobook/赘婿/赘婿_1171第九六六章 四海翻腾 云水怒（十二）.mp3
F:/Asset/Audiobook/赘婿/赘婿_1172第九六六章 四海翻腾 云水怒（十三）.mp3
F:/Asset/Audiobook/赘婿/赘婿_1173第九六六章 四海翻腾 云水怒（十四）.mp3
F:/Asset/Audiobook/赘婿/赘婿_1174第九六七章 弥散人间光与雾（一）.mp3
F:/Asset/Audiobook/赘婿/赘婿_1175第九六八章 弥散人间光与雾（二）.mp3
F:/Asset/Audiobook/赘婿/赘婿_1176第九六九章 弥散人间光与雾（三）.mp3
F:/Asset/Audiobook/赘婿/赘婿_1177第九七〇章 弥散人间光与雾（四）.mp3
F:/Asset/Audiobook/赘婿/赘婿_1178第九七一章 弥散人间光与雾（五）.mp3
F:/Asset/Audiobook/赘婿/赘婿_1179第九七二章 弥散人间光与雾（六）.mp3
F:/Asset/Audiobook/赘婿/赘婿_1180第九七三章 弥散人间光与雾（七）.mp3
F:/Asset/Audiobook/赘婿/赘婿_1181第九七三章 弥散人间光与雾（八）.mp3
F:/Asset/Audiobook/赘婿/赘婿_1182第九七三章 弥散人间光与雾（九）.mp3
F:/Asset/Audiobook/赘婿/赘婿_1183第九七三章 弥散人间光与雾（十）.mp3
F:/Asset/Audiobook/赘婿/赘婿_1184第九七三章 弥散人间光与雾（十一）.mp3
F:/Asset/Audiobook/赘婿/赘婿_1185第九七四章 绵藏锦绣剑与刀（一）.mp3
F:/Asset/Audiobook/赘婿/赘婿_1186第九七五章 绵藏锦绣剑与刀（二）.mp3
F:/Asset/Audiobook/赘婿/赘婿_1187第九七六章 绵藏锦绣剑与刀（三）.mp3
F:/Asset/Audiobook/赘婿/赘婿_1188第九七七章 绵藏锦绣剑与刀（四）.mp3
F:/Asset/Audiobook/赘婿/赘婿_1189第九七八章 绵藏锦绣剑与刀（五）.mp3
F:/Asset/Audiobook/赘婿/赘婿_1190第九七九章 绵藏锦绣剑与刀（六）.mp3
F:/Asset/Audiobook/赘婿/赘婿_1191第九八〇章 绵藏锦绣剑与刀（七）.mp3
F:/Asset/Audiobook/赘婿/赘婿_1192第九八一章 绵藏锦绣剑与刀（八）.mp3
F:/Asset/Audiobook/赘婿/赘婿_1193第九八二章 绵藏锦绣剑与刀（九）.mp3
F:/Asset/Audiobook/赘婿/赘婿_1194第九八二章 绵藏锦绣剑与刀（十）.mp3
F:/Asset/Audiobook/赘婿/赘婿_1195第九八二章 绵藏锦绣剑与刀（十一）.mp3
F:/Asset/Audiobook/赘婿/赘婿_1196第九八二章 绵藏锦绣剑与刀（十二）.mp3
F:/Asset/Audiobook/赘婿/赘婿_1197第九八二章 绵藏锦绣剑与刀（十三）.mp3
F:/Asset/Audiobook/赘婿/赘婿_1198第九八三章 小间谍龙傲天.mp3
F:/Asset/Audiobook/赘婿/赘婿_1199第九八四章 夏末的叙事曲（上）.mp3
F:/Asset/Audiobook/赘婿/赘婿_1200第九八五章 夏末的叙事曲（下）.mp3
F:/Asset/Audiobook/赘婿/赘婿_1201第九八六章 初秋 风吟前奏（上）.mp3
F:/Asset/Audiobook/赘婿/赘婿_1202第九八七章 初秋 风吟前奏（中）.mp3
F:/Asset/Audiobook/赘婿/赘婿_1203第九八七章 初秋 风吟前奏（下）.mp3
F:/Asset/Audiobook/赘婿/赘婿_1204第九八八章 且听风吟（一）.mp3
F:/Asset/Audiobook/赘婿/赘婿_1205第九八九章 且听风吟（二）.mp3
F:/Asset/Audiobook/赘婿/赘婿_1206第九九〇章 且听风吟（三）.mp3
F:/Asset/Audiobook/赘婿/赘婿_1207第九九〇章 且听风吟（四）.mp3
F:/Asset/Audiobook/赘婿/赘婿_1208第九九〇章 且听风吟（五）.mp3
F:/Asset/Audiobook/赘婿/赘婿_1209第九九〇章 且听风吟（六）.mp3
F:/Asset/Audiobook/赘婿/赘婿_1210第九九一章 到子夜前_1.mp3
F:/Asset/Audiobook/赘婿/赘婿_1211第九九一章 到子夜前_2.mp3
F:/Asset/Audiobook/赘婿/赘婿_1212第九九二章 浮尘（一）.mp3
F:/Asset/Audiobook/赘婿/赘婿_1213第九九三章 浮尘（二）.mp3
F:/Asset/Audiobook/赘婿/赘婿_1214第九九四章 浮尘（三）.mp3
F:/Asset/Audiobook/赘婿/赘婿_1215第九九四章 浮尘（四）.mp3
F:/Asset/Audiobook/赘婿/赘婿_1216第九九四章 浮尘（五）.mp3
F:/Asset/Audiobook/赘婿/赘婿_1217第九九五章 孩童与老人（上）.mp3
F:/Asset/Audiobook/赘婿/赘婿_1218第九九六章 孩童与老人（下）.mp3
F:/Asset/Audiobook/赘婿/赘婿_1219第九九七章 风渐起时 风骤停时（上）.mp3
F:/Asset/Audiobook/赘婿/赘婿_1220第九九八章 风渐起时 风骤停时（中）.mp3
F:/Asset/Audiobook/赘婿/赘婿_1221第九九八章 风渐起时 风骤停时（下）.mp3
F:/Asset/Audiobook/赘婿/赘婿_1222第九九九章 交织（一）.mp3
F:/Asset/Audiobook/赘婿/赘婿_1223第九九九章 交织（二）.mp3
F:/Asset/Audiobook/赘婿/赘婿_1224第九九九章 交织（三）.mp3
F:/Asset/Audiobook/赘婿/赘婿_1225第一〇〇〇章 交织（四）.mp3
F:/Asset/Audiobook/赘婿/赘婿_1226第一〇〇〇章 交织（五）.mp3
F:/Asset/Audiobook/赘婿/赘婿_1227第一〇〇一章 讯息 请保重自己.mp3
F:/Asset/Audiobook/赘婿/赘婿_1228第一〇〇二章 挣扎.mp3
F:/Asset/Audiobook/赘婿/赘婿_1229第一〇〇三章 在地狱里.mp3
F:/Asset/Audiobook/赘婿/赘婿_1230第一〇〇四章 君应有语 渺万里层云（上）.mp3
F:/Asset/Audiobook/赘婿/赘婿_1231第一〇〇五章 君应有语 渺万里层云（下）.mp3
F:/Asset/Audiobook/赘婿/赘婿_1232第一〇〇六章 千山暮雪（一）.mp3
F:/Asset/Audiobook/赘婿/赘婿_1233第一〇〇七章 千山暮雪（二）.mp3
F:/Asset/Audiobook/赘婿/赘婿_1234第一〇〇八章 千山暮雪（三）.mp3
F:/Asset/Audiobook/赘婿/赘婿_1235第一〇〇九章 千山暮雪（四）.mp3
F:/Asset/Audiobook/赘婿/赘婿_1236第一〇一〇章 只影向谁去？（上）.mp3
F:/Asset/Audiobook/赘婿/赘婿_1237第一〇一一章 只影向谁去？（中）.mp3
F:/Asset/Audiobook/赘婿/赘婿_1238第一〇一二章 只影向谁去？（下）.mp3
F:/Asset/Audiobook/赘婿/赘婿_1239第一〇一二章 只影向谁去？（四）.mp3
F:/Asset/Audiobook/赘婿/赘婿_1240第一〇一三章 小丑（一）.mp3
F:/Asset/Audiobook/赘婿/赘婿_1241第一〇一四章 小丑（二）.mp3
F:/Asset/Audiobook/赘婿/赘婿_1242第一〇一五章 小丑（三）.mp3
F:/Asset/Audiobook/赘婿/赘婿_1243第一〇一六章 小丑（四）.mp3
F:/Asset/Audiobook/赘婿/赘婿_1244第一〇一六章 小丑（五）.mp3
F:/Asset/Audiobook/赘婿/赘婿_1245第一〇一六章 小丑（六）.mp3
F:/Asset/Audiobook/赘婿/赘婿_1246第一〇一六章 小丑（七）.mp3
F:/Asset/Audiobook/赘婿/赘婿_1247第一〇一七章 振兴二年 夏季（上）.mp3
F:/Asset/Audiobook/赘婿/赘婿_1248第一〇一八章 振兴二年 夏季（中）.mp3
F:/Asset/Audiobook/赘婿/赘婿_1249第一〇一九章 振兴二年 夏季（下）.mp3
F:/Asset/Audiobook/赘婿/赘婿_1250第一〇一九章 振兴二年 夏季（四）.mp3
F:/Asset/Audiobook/赘婿/赘婿_1251第一〇一九章 振兴二年 夏季（五）.mp3
F:/Asset/Audiobook/赘婿/赘婿_1252第一〇二〇章 无形之物_1.mp3
F:/Asset/Audiobook/赘婿/赘婿_1253第一〇二〇章 无形之物_2.mp3